Determining if the include file intrin.h exists failed with the following output:
Change Dir: /home/suhjw/gnss-sdr/work/volk_gnsssdr_module/build/CMakeFiles/CMakeTmp

Run Build Command(s):/usr/bin/gmake -f Makefile cmTC_65b22/fast && gmake[3]: Entering directory '/home/suhjw/gnss-sdr/work/volk_gnsssdr_module/build/CMakeFiles/CMakeTmp'
/usr/bin/gmake  -f CMakeFiles/cmTC_65b22.dir/build.make CMakeFiles/cmTC_65b22.dir/build
gmake[4]: Entering directory '/home/suhjw/gnss-sdr/work/volk_gnsssdr_module/build/CMakeFiles/CMakeTmp'
Building C object CMakeFiles/cmTC_65b22.dir/CheckIncludeFile.c.o
/usr/bin/cc   -fcx-limited-range -Wall -Werror=incompatible-pointer-types -Werror=pointer-sign  -o CMakeFiles/cmTC_65b22.dir/CheckIncludeFile.c.o -c /home/suhjw/gnss-sdr/work/volk_gnsssdr_module/build/CMakeFiles/CMakeTmp/CheckIncludeFile.c
/home/suhjw/gnss-sdr/work/volk_gnsssdr_module/build/CMakeFiles/CMakeTmp/CheckIncludeFile.c:1:10: fatal error: intrin.h: No such file or directory
    1 | #include <intrin.h>
      |          ^~~~~~~~~~
compilation terminated.
gmake[4]: *** [CMakeFiles/cmTC_65b22.dir/build.make:78: CMakeFiles/cmTC_65b22.dir/CheckIncludeFile.c.o] Error 1
gmake[4]: Leaving directory '/home/suhjw/gnss-sdr/work/volk_gnsssdr_module/build/CMakeFiles/CMakeTmp'
gmake[3]: *** [Makefile:127: cmTC_65b22/fast] Error 2
gmake[3]: Leaving directory '/home/suhjw/gnss-sdr/work/volk_gnsssdr_module/build/CMakeFiles/CMakeTmp'



Performing C++ SOURCE FILE Test HAVE_WERROR_UNUSED_CMD_LINE_ARG failed with the following output:
Change Dir: /home/suhjw/gnss-sdr/work/volk_gnsssdr_module/build/CMakeFiles/CMakeTmp

Run Build Command(s):/usr/bin/gmake -f Makefile cmTC_0c654/fast && gmake[3]: Entering directory '/home/suhjw/gnss-sdr/work/volk_gnsssdr_module/build/CMakeFiles/CMakeTmp'
/usr/bin/gmake  -f CMakeFiles/cmTC_0c654.dir/build.make CMakeFiles/cmTC_0c654.dir/build
gmake[4]: Entering directory '/home/suhjw/gnss-sdr/work/volk_gnsssdr_module/build/CMakeFiles/CMakeTmp'
Building CXX object CMakeFiles/cmTC_0c654.dir/src.cxx.o
/usr/bin/c++ -DHAVE_WERROR_UNUSED_CMD_LINE_ARG  -fcx-limited-range  -Wall -Wextra -Wall    -Werror=unused-command-line-argument -std=c++20 -o CMakeFiles/cmTC_0c654.dir/src.cxx.o -c /home/suhjw/gnss-sdr/work/volk_gnsssdr_module/build/CMakeFiles/CMakeTmp/src.cxx
cc1plus: error: '-Werror=unused-command-line-argument': no option '-Wunused-command-line-argument'; did you mean '-Wunused-dummy-argument'?
gmake[4]: *** [CMakeFiles/cmTC_0c654.dir/build.make:78: CMakeFiles/cmTC_0c654.dir/src.cxx.o] Error 1
gmake[4]: Leaving directory '/home/suhjw/gnss-sdr/work/volk_gnsssdr_module/build/CMakeFiles/CMakeTmp'
gmake[3]: *** [Makefile:127: cmTC_0c654/fast] Error 2
gmake[3]: Leaving directory '/home/suhjw/gnss-sdr/work/volk_gnsssdr_module/build/CMakeFiles/CMakeTmp'


Source file was:
int main() { return 0; }
Performing C++ SOURCE FILE Test have_mfloat_abi_softfp failed with the following output:
Change Dir: /home/suhjw/gnss-sdr/work/volk_gnsssdr_module/build/CMakeFiles/CMakeTmp

Run Build Command(s):/usr/bin/gmake -f Makefile cmTC_e6a21/fast && gmake[3]: Entering directory '/home/suhjw/gnss-sdr/work/volk_gnsssdr_module/build/CMakeFiles/CMakeTmp'
/usr/bin/gmake  -f CMakeFiles/cmTC_e6a21.dir/build.make CMakeFiles/cmTC_e6a21.dir/build
gmake[4]: Entering directory '/home/suhjw/gnss-sdr/work/volk_gnsssdr_module/build/CMakeFiles/CMakeTmp'
Building CXX object CMakeFiles/cmTC_e6a21.dir/src.cxx.o
/usr/bin/c++ -Dhave_mfloat_abi_softfp  -fcx-limited-range  -Wall -Wextra -Wall    -mfloat-abi=softfp -std=c++20 -o CMakeFiles/cmTC_e6a21.dir/src.cxx.o -c /home/suhjw/gnss-sdr/work/volk_gnsssdr_module/build/CMakeFiles/CMakeTmp/src.cxx
c++: error: unrecognized command-line option '-mfloat-abi=softfp'
gmake[4]: *** [CMakeFiles/cmTC_e6a21.dir/build.make:78: CMakeFiles/cmTC_e6a21.dir/src.cxx.o] Error 1
gmake[4]: Leaving directory '/home/suhjw/gnss-sdr/work/volk_gnsssdr_module/build/CMakeFiles/CMakeTmp'
gmake[3]: *** [Makefile:127: cmTC_e6a21/fast] Error 2
gmake[3]: Leaving directory '/home/suhjw/gnss-sdr/work/volk_gnsssdr_module/build/CMakeFiles/CMakeTmp'


Source file was:
int main() { return 0; }
Performing C++ SOURCE FILE Test have_mfloat_abi_hard failed with the following output:
Change Dir: /home/suhjw/gnss-sdr/work/volk_gnsssdr_module/build/CMakeFiles/CMakeTmp

Run Build Command(s):/usr/bin/gmake -f Makefile cmTC_be960/fast && gmake[3]: Entering directory '/home/suhjw/gnss-sdr/work/volk_gnsssdr_module/build/CMakeFiles/CMakeTmp'
/usr/bin/gmake  -f CMakeFiles/cmTC_be960.dir/build.make CMakeFiles/cmTC_be960.dir/build
gmake[4]: Entering directory '/home/suhjw/gnss-sdr/work/volk_gnsssdr_module/build/CMakeFiles/CMakeTmp'
Building CXX object CMakeFiles/cmTC_be960.dir/src.cxx.o
/usr/bin/c++ -Dhave_mfloat_abi_hard  -fcx-limited-range  -Wall -Wextra -Wall    -mfloat-abi=hard -std=c++20 -o CMakeFiles/cmTC_be960.dir/src.cxx.o -c /home/suhjw/gnss-sdr/work/volk_gnsssdr_module/build/CMakeFiles/CMakeTmp/src.cxx
c++: error: unrecognized command-line option '-mfloat-abi=hard'
gmake[4]: *** [CMakeFiles/cmTC_be960.dir/build.make:78: CMakeFiles/cmTC_be960.dir/src.cxx.o] Error 1
gmake[4]: Leaving directory '/home/suhjw/gnss-sdr/work/volk_gnsssdr_module/build/CMakeFiles/CMakeTmp'
gmake[3]: *** [Makefile:127: cmTC_be960/fast] Error 2
gmake[3]: Leaving directory '/home/suhjw/gnss-sdr/work/volk_gnsssdr_module/build/CMakeFiles/CMakeTmp'


Source file was:
int main() { return 0; }
Performing C++ SOURCE FILE Test have_mfpu_neon failed with the following output:
Change Dir: /home/suhjw/gnss-sdr/work/volk_gnsssdr_module/build/CMakeFiles/CMakeTmp

Run Build Command(s):/usr/bin/gmake -f Makefile cmTC_c9791/fast && gmake[3]: Entering directory '/home/suhjw/gnss-sdr/work/volk_gnsssdr_module/build/CMakeFiles/CMakeTmp'
/usr/bin/gmake  -f CMakeFiles/cmTC_c9791.dir/build.make CMakeFiles/cmTC_c9791.dir/build
gmake[4]: Entering directory '/home/suhjw/gnss-sdr/work/volk_gnsssdr_module/build/CMakeFiles/CMakeTmp'
Building CXX object CMakeFiles/cmTC_c9791.dir/src.cxx.o
/usr/bin/c++ -Dhave_mfpu_neon  -fcx-limited-range  -Wall -Wextra -Wall    -mfpu=neon -std=c++20 -o CMakeFiles/cmTC_c9791.dir/src.cxx.o -c /home/suhjw/gnss-sdr/work/volk_gnsssdr_module/build/CMakeFiles/CMakeTmp/src.cxx
c++: error: unrecognized command-line option '-mfpu=neon'
gmake[4]: *** [CMakeFiles/cmTC_c9791.dir/build.make:78: CMakeFiles/cmTC_c9791.dir/src.cxx.o] Error 1
gmake[4]: Leaving directory '/home/suhjw/gnss-sdr/work/volk_gnsssdr_module/build/CMakeFiles/CMakeTmp'
gmake[3]: *** [Makefile:127: cmTC_c9791/fast] Error 2
gmake[3]: Leaving directory '/home/suhjw/gnss-sdr/work/volk_gnsssdr_module/build/CMakeFiles/CMakeTmp'


Source file was:
int main() { return 0; }
